<?xml version="1.0"?>
<link_info>
   <banner>TI ARM Linker Unix v16.9.4.LTS</banner>
   <copyright>Copyright (c) 1996-2017 Texas Instruments Incorporated</copyright>
   <link_time>0x5a00ae9c</link_time>
   <link_errors>0x0</link_errors>
   <output_file>encryption.out</output_file>
   <entry_point>
      <name>_c_int00</name>
      <address>0x30a5</address>
   </entry_point>
   <input_file_list>
      <input_file id="fl-2">
         <path>./</path>
         <kind>object</kind>
         <file>main.obj</file>
         <name>main.obj</name>
      </input_file>
      <input_file id="fl-3">
         <path>./</path>
         <kind>object</kind>
         <file>startup_msp432p401r_ccs.obj</file>
         <name>startup_msp432p401r_ccs.obj</name>
      </input_file>
      <input_file id="fl-4">
         <path>./</path>
         <kind>object</kind>
         <file>system_msp432p401r.obj</file>
         <name>system_msp432p401r.obj</name>
      </input_file>
      <input_file id="fl-8">
         <kind>object</kind>
         <file>&lt;internal&gt;</file>
         <name>&lt;internal&gt;</name>
      </input_file>
      <input_file id="fl-be">
         <path>/Applications/ti/ccsv7/tools/compiler/ti-cgt-arm_16.9.4.LTS/lib/</path>
         <kind>archive</kind>
         <file>rtsv7M4_T_le_v4SPD16_eabi.lib</file>
         <name>boot.obj</name>
      </input_file>
      <input_file id="fl-bf">
         <path>/Applications/ti/ccsv7/tools/compiler/ti-cgt-arm_16.9.4.LTS/lib/</path>
         <kind>archive</kind>
         <file>rtsv7M4_T_le_v4SPD16_eabi.lib</file>
         <name>copy_decompress_lzss.obj</name>
      </input_file>
      <input_file id="fl-c0">
         <path>/Applications/ti/ccsv7/tools/compiler/ti-cgt-arm_16.9.4.LTS/lib/</path>
         <kind>archive</kind>
         <file>rtsv7M4_T_le_v4SPD16_eabi.lib</file>
         <name>copy_decompress_none.obj</name>
      </input_file>
      <input_file id="fl-c1">
         <path>/Applications/ti/ccsv7/tools/compiler/ti-cgt-arm_16.9.4.LTS/lib/</path>
         <kind>archive</kind>
         <file>rtsv7M4_T_le_v4SPD16_eabi.lib</file>
         <name>copy_zero_init.obj</name>
      </input_file>
      <input_file id="fl-c2">
         <path>/Applications/ti/ccsv7/tools/compiler/ti-cgt-arm_16.9.4.LTS/lib/</path>
         <kind>archive</kind>
         <file>rtsv7M4_T_le_v4SPD16_eabi.lib</file>
         <name>exit.obj</name>
      </input_file>
      <input_file id="fl-c3">
         <path>/Applications/ti/ccsv7/tools/compiler/ti-cgt-arm_16.9.4.LTS/lib/</path>
         <kind>archive</kind>
         <file>rtsv7M4_T_le_v4SPD16_eabi.lib</file>
         <name>memcpy_t2.obj</name>
      </input_file>
      <input_file id="fl-c4">
         <path>/Applications/ti/ccsv7/tools/compiler/ti-cgt-arm_16.9.4.LTS/lib/</path>
         <kind>archive</kind>
         <file>rtsv7M4_T_le_v4SPD16_eabi.lib</file>
         <name>memset_t2.obj</name>
      </input_file>
      <input_file id="fl-c5">
         <path>/Applications/ti/ccsv7/tools/compiler/ti-cgt-arm_16.9.4.LTS/lib/</path>
         <kind>archive</kind>
         <file>rtsv7M4_T_le_v4SPD16_eabi.lib</file>
         <name>mpu_init.obj</name>
      </input_file>
      <input_file id="fl-c6">
         <path>/Applications/ti/ccsv7/tools/compiler/ti-cgt-arm_16.9.4.LTS/lib/</path>
         <kind>archive</kind>
         <file>rtsv7M4_T_le_v4SPD16_eabi.lib</file>
         <name>pre_init.obj</name>
      </input_file>
      <input_file id="fl-c7">
         <path>/Applications/ti/ccsv7/tools/compiler/ti-cgt-arm_16.9.4.LTS/lib/</path>
         <kind>archive</kind>
         <file>rtsv7M4_T_le_v4SPD16_eabi.lib</file>
         <name>printf.obj</name>
      </input_file>
      <input_file id="fl-c8">
         <path>/Applications/ti/ccsv7/tools/compiler/ti-cgt-arm_16.9.4.LTS/lib/</path>
         <kind>archive</kind>
         <file>rtsv7M4_T_le_v4SPD16_eabi.lib</file>
         <name>stkdepth_vars.obj</name>
      </input_file>
      <input_file id="fl-c9">
         <path>/Applications/ti/ccsv7/tools/compiler/ti-cgt-arm_16.9.4.LTS/lib/</path>
         <kind>archive</kind>
         <file>rtsv7M4_T_le_v4SPD16_eabi.lib</file>
         <name>_lock.obj</name>
      </input_file>
      <input_file id="fl-ca">
         <path>/Applications/ti/ccsv7/tools/compiler/ti-cgt-arm_16.9.4.LTS/lib/</path>
         <kind>archive</kind>
         <file>rtsv7M4_T_le_v4SPD16_eabi.lib</file>
         <name>_printfi.obj</name>
      </input_file>
      <input_file id="fl-cb">
         <path>/Applications/ti/ccsv7/tools/compiler/ti-cgt-arm_16.9.4.LTS/lib/</path>
         <kind>archive</kind>
         <file>rtsv7M4_T_le_v4SPD16_eabi.lib</file>
         <name>args_main.obj</name>
      </input_file>
      <input_file id="fl-cc">
         <path>/Applications/ti/ccsv7/tools/compiler/ti-cgt-arm_16.9.4.LTS/lib/</path>
         <kind>archive</kind>
         <file>rtsv7M4_T_le_v4SPD16_eabi.lib</file>
         <name>atoi.obj</name>
      </input_file>
      <input_file id="fl-cd">
         <path>/Applications/ti/ccsv7/tools/compiler/ti-cgt-arm_16.9.4.LTS/lib/</path>
         <kind>archive</kind>
         <file>rtsv7M4_T_le_v4SPD16_eabi.lib</file>
         <name>autoinit.obj</name>
      </input_file>
      <input_file id="fl-ce">
         <path>/Applications/ti/ccsv7/tools/compiler/ti-cgt-arm_16.9.4.LTS/lib/</path>
         <kind>archive</kind>
         <file>rtsv7M4_T_le_v4SPD16_eabi.lib</file>
         <name>cpy_tbl.obj</name>
      </input_file>
      <input_file id="fl-cf">
         <path>/Applications/ti/ccsv7/tools/compiler/ti-cgt-arm_16.9.4.LTS/lib/</path>
         <kind>archive</kind>
         <file>rtsv7M4_T_le_v4SPD16_eabi.lib</file>
         <name>ctype.obj</name>
      </input_file>
      <input_file id="fl-d0">
         <path>/Applications/ti/ccsv7/tools/compiler/ti-cgt-arm_16.9.4.LTS/lib/</path>
         <kind>archive</kind>
         <file>rtsv7M4_T_le_v4SPD16_eabi.lib</file>
         <name>defs.obj</name>
      </input_file>
      <input_file id="fl-d1">
         <path>/Applications/ti/ccsv7/tools/compiler/ti-cgt-arm_16.9.4.LTS/lib/</path>
         <kind>archive</kind>
         <file>rtsv7M4_T_le_v4SPD16_eabi.lib</file>
         <name>fd_add_t2.obj</name>
      </input_file>
      <input_file id="fl-d2">
         <path>/Applications/ti/ccsv7/tools/compiler/ti-cgt-arm_16.9.4.LTS/lib/</path>
         <kind>archive</kind>
         <file>rtsv7M4_T_le_v4SPD16_eabi.lib</file>
         <name>fd_cmp_t2.obj</name>
      </input_file>
      <input_file id="fl-d3">
         <path>/Applications/ti/ccsv7/tools/compiler/ti-cgt-arm_16.9.4.LTS/lib/</path>
         <kind>archive</kind>
         <file>rtsv7M4_T_le_v4SPD16_eabi.lib</file>
         <name>fd_div_t2.obj</name>
      </input_file>
      <input_file id="fl-d4">
         <path>/Applications/ti/ccsv7/tools/compiler/ti-cgt-arm_16.9.4.LTS/lib/</path>
         <kind>archive</kind>
         <file>rtsv7M4_T_le_v4SPD16_eabi.lib</file>
         <name>fd_mul_t2.obj</name>
      </input_file>
      <input_file id="fl-d5">
         <path>/Applications/ti/ccsv7/tools/compiler/ti-cgt-arm_16.9.4.LTS/lib/</path>
         <kind>archive</kind>
         <file>rtsv7M4_T_le_v4SPD16_eabi.lib</file>
         <name>fd_toi_t2.obj</name>
      </input_file>
      <input_file id="fl-d6">
         <path>/Applications/ti/ccsv7/tools/compiler/ti-cgt-arm_16.9.4.LTS/lib/</path>
         <kind>archive</kind>
         <file>rtsv7M4_T_le_v4SPD16_eabi.lib</file>
         <name>fputc.obj</name>
      </input_file>
      <input_file id="fl-d7">
         <path>/Applications/ti/ccsv7/tools/compiler/ti-cgt-arm_16.9.4.LTS/lib/</path>
         <kind>archive</kind>
         <file>rtsv7M4_T_le_v4SPD16_eabi.lib</file>
         <name>fputs.obj</name>
      </input_file>
      <input_file id="fl-d8">
         <path>/Applications/ti/ccsv7/tools/compiler/ti-cgt-arm_16.9.4.LTS/lib/</path>
         <kind>archive</kind>
         <file>rtsv7M4_T_le_v4SPD16_eabi.lib</file>
         <name>i_tofd_t2.obj</name>
      </input_file>
      <input_file id="fl-d9">
         <path>/Applications/ti/ccsv7/tools/compiler/ti-cgt-arm_16.9.4.LTS/lib/</path>
         <kind>archive</kind>
         <file>rtsv7M4_T_le_v4SPD16_eabi.lib</file>
         <name>ltoa.obj</name>
      </input_file>
      <input_file id="fl-da">
         <path>/Applications/ti/ccsv7/tools/compiler/ti-cgt-arm_16.9.4.LTS/lib/</path>
         <kind>archive</kind>
         <file>rtsv7M4_T_le_v4SPD16_eabi.lib</file>
         <name>memccpy.obj</name>
      </input_file>
      <input_file id="fl-db">
         <path>/Applications/ti/ccsv7/tools/compiler/ti-cgt-arm_16.9.4.LTS/lib/</path>
         <kind>archive</kind>
         <file>rtsv7M4_T_le_v4SPD16_eabi.lib</file>
         <name>memchr.obj</name>
      </input_file>
      <input_file id="fl-dc">
         <path>/Applications/ti/ccsv7/tools/compiler/ti-cgt-arm_16.9.4.LTS/lib/</path>
         <kind>archive</kind>
         <file>rtsv7M4_T_le_v4SPD16_eabi.lib</file>
         <name>s_frexp.obj</name>
      </input_file>
      <input_file id="fl-dd">
         <path>/Applications/ti/ccsv7/tools/compiler/ti-cgt-arm_16.9.4.LTS/lib/</path>
         <kind>archive</kind>
         <file>rtsv7M4_T_le_v4SPD16_eabi.lib</file>
         <name>s_scalbn.obj</name>
      </input_file>
      <input_file id="fl-de">
         <path>/Applications/ti/ccsv7/tools/compiler/ti-cgt-arm_16.9.4.LTS/lib/</path>
         <kind>archive</kind>
         <file>rtsv7M4_T_le_v4SPD16_eabi.lib</file>
         <name>startup.obj</name>
      </input_file>
      <input_file id="fl-df">
         <path>/Applications/ti/ccsv7/tools/compiler/ti-cgt-arm_16.9.4.LTS/lib/</path>
         <kind>archive</kind>
         <file>rtsv7M4_T_le_v4SPD16_eabi.lib</file>
         <name>strchr.obj</name>
      </input_file>
      <input_file id="fl-e0">
         <path>/Applications/ti/ccsv7/tools/compiler/ti-cgt-arm_16.9.4.LTS/lib/</path>
         <kind>archive</kind>
         <file>rtsv7M4_T_le_v4SPD16_eabi.lib</file>
         <name>strlen.obj</name>
      </input_file>
      <input_file id="fl-e1">
         <path>/Applications/ti/ccsv7/tools/compiler/ti-cgt-arm_16.9.4.LTS/lib/</path>
         <kind>archive</kind>
         <file>rtsv7M4_T_le_v4SPD16_eabi.lib</file>
         <name>ull_div_t2.obj</name>
      </input_file>
      <input_file id="fl-e2">
         <path>/Applications/ti/ccsv7/tools/compiler/ti-cgt-arm_16.9.4.LTS/lib/</path>
         <kind>archive</kind>
         <file>rtsv7M4_T_le_v4SPD16_eabi.lib</file>
         <name>write.obj</name>
      </input_file>
      <input_file id="fl-e3">
         <path>/Applications/ti/ccsv7/tools/compiler/ti-cgt-arm_16.9.4.LTS/lib/</path>
         <kind>archive</kind>
         <file>rtsv7M4_T_le_v4SPD16_eabi.lib</file>
         <name>_io_perm.obj</name>
      </input_file>
      <input_file id="fl-e4">
         <path>/Applications/ti/ccsv7/tools/compiler/ti-cgt-arm_16.9.4.LTS/lib/</path>
         <kind>archive</kind>
         <file>rtsv7M4_T_le_v4SPD16_eabi.lib</file>
         <name>errno.obj</name>
      </input_file>
      <input_file id="fl-e5">
         <path>/Applications/ti/ccsv7/tools/compiler/ti-cgt-arm_16.9.4.LTS/lib/</path>
         <kind>archive</kind>
         <file>rtsv7M4_T_le_v4SPD16_eabi.lib</file>
         <name>fflush.obj</name>
      </input_file>
      <input_file id="fl-e6">
         <path>/Applications/ti/ccsv7/tools/compiler/ti-cgt-arm_16.9.4.LTS/lib/</path>
         <kind>archive</kind>
         <file>rtsv7M4_T_le_v4SPD16_eabi.lib</file>
         <name>fseek.obj</name>
      </input_file>
      <input_file id="fl-e7">
         <path>/Applications/ti/ccsv7/tools/compiler/ti-cgt-arm_16.9.4.LTS/lib/</path>
         <kind>archive</kind>
         <file>rtsv7M4_T_le_v4SPD16_eabi.lib</file>
         <name>hostclose.obj</name>
      </input_file>
      <input_file id="fl-e8">
         <path>/Applications/ti/ccsv7/tools/compiler/ti-cgt-arm_16.9.4.LTS/lib/</path>
         <kind>archive</kind>
         <file>rtsv7M4_T_le_v4SPD16_eabi.lib</file>
         <name>hostlseek.obj</name>
      </input_file>
      <input_file id="fl-e9">
         <path>/Applications/ti/ccsv7/tools/compiler/ti-cgt-arm_16.9.4.LTS/lib/</path>
         <kind>archive</kind>
         <file>rtsv7M4_T_le_v4SPD16_eabi.lib</file>
         <name>hostopen.obj</name>
      </input_file>
      <input_file id="fl-ea">
         <path>/Applications/ti/ccsv7/tools/compiler/ti-cgt-arm_16.9.4.LTS/lib/</path>
         <kind>archive</kind>
         <file>rtsv7M4_T_le_v4SPD16_eabi.lib</file>
         <name>hostread.obj</name>
      </input_file>
      <input_file id="fl-eb">
         <path>/Applications/ti/ccsv7/tools/compiler/ti-cgt-arm_16.9.4.LTS/lib/</path>
         <kind>archive</kind>
         <file>rtsv7M4_T_le_v4SPD16_eabi.lib</file>
         <name>hostrename.obj</name>
      </input_file>
      <input_file id="fl-ec">
         <path>/Applications/ti/ccsv7/tools/compiler/ti-cgt-arm_16.9.4.LTS/lib/</path>
         <kind>archive</kind>
         <file>rtsv7M4_T_le_v4SPD16_eabi.lib</file>
         <name>hostunlink.obj</name>
      </input_file>
      <input_file id="fl-ed">
         <path>/Applications/ti/ccsv7/tools/compiler/ti-cgt-arm_16.9.4.LTS/lib/</path>
         <kind>archive</kind>
         <file>rtsv7M4_T_le_v4SPD16_eabi.lib</file>
         <name>hostwrite.obj</name>
      </input_file>
      <input_file id="fl-ee">
         <path>/Applications/ti/ccsv7/tools/compiler/ti-cgt-arm_16.9.4.LTS/lib/</path>
         <kind>archive</kind>
         <file>rtsv7M4_T_le_v4SPD16_eabi.lib</file>
         <name>lseek.obj</name>
      </input_file>
      <input_file id="fl-ef">
         <path>/Applications/ti/ccsv7/tools/compiler/ti-cgt-arm_16.9.4.LTS/lib/</path>
         <kind>archive</kind>
         <file>rtsv7M4_T_le_v4SPD16_eabi.lib</file>
         <name>s_copysign.obj</name>
      </input_file>
      <input_file id="fl-f0">
         <path>/Applications/ti/ccsv7/tools/compiler/ti-cgt-arm_16.9.4.LTS/lib/</path>
         <kind>archive</kind>
         <file>rtsv7M4_T_le_v4SPD16_eabi.lib</file>
         <name>setvbuf.obj</name>
      </input_file>
      <input_file id="fl-f1">
         <path>/Applications/ti/ccsv7/tools/compiler/ti-cgt-arm_16.9.4.LTS/lib/</path>
         <kind>archive</kind>
         <file>rtsv7M4_T_le_v4SPD16_eabi.lib</file>
         <name>strcpy.obj</name>
      </input_file>
      <input_file id="fl-f2">
         <path>/Applications/ti/ccsv7/tools/compiler/ti-cgt-arm_16.9.4.LTS/lib/</path>
         <kind>archive</kind>
         <file>rtsv7M4_T_le_v4SPD16_eabi.lib</file>
         <name>trgmsg.obj</name>
      </input_file>
      <input_file id="fl-f3">
         <path>/Applications/ti/ccsv7/tools/compiler/ti-cgt-arm_16.9.4.LTS/lib/</path>
         <kind>archive</kind>
         <file>rtsv7M4_T_le_v4SPD16_eabi.lib</file>
         <name>fopen.obj</name>
      </input_file>
      <input_file id="fl-f4">
         <path>/Applications/ti/ccsv7/tools/compiler/ti-cgt-arm_16.9.4.LTS/lib/</path>
         <kind>archive</kind>
         <file>rtsv7M4_T_le_v4SPD16_eabi.lib</file>
         <name>memory.obj</name>
      </input_file>
      <input_file id="fl-f5">
         <path>/Applications/ti/ccsv7/tools/compiler/ti-cgt-arm_16.9.4.LTS/lib/</path>
         <kind>archive</kind>
         <file>rtsv7M4_T_le_v4SPD16_eabi.lib</file>
         <name>open.obj</name>
      </input_file>
      <input_file id="fl-f6">
         <path>/Applications/ti/ccsv7/tools/compiler/ti-cgt-arm_16.9.4.LTS/lib/</path>
         <kind>archive</kind>
         <file>rtsv7M4_T_le_v4SPD16_eabi.lib</file>
         <name>fclose.obj</name>
      </input_file>
      <input_file id="fl-f7">
         <path>/Applications/ti/ccsv7/tools/compiler/ti-cgt-arm_16.9.4.LTS/lib/</path>
         <kind>archive</kind>
         <file>rtsv7M4_T_le_v4SPD16_eabi.lib</file>
         <name>getdevice.obj</name>
      </input_file>
      <input_file id="fl-f8">
         <path>/Applications/ti/ccsv7/tools/compiler/ti-cgt-arm_16.9.4.LTS/lib/</path>
         <kind>archive</kind>
         <file>rtsv7M4_T_le_v4SPD16_eabi.lib</file>
         <name>remove.obj</name>
      </input_file>
      <input_file id="fl-f9">
         <path>/Applications/ti/ccsv7/tools/compiler/ti-cgt-arm_16.9.4.LTS/lib/</path>
         <kind>archive</kind>
         <file>rtsv7M4_T_le_v4SPD16_eabi.lib</file>
         <name>strcmp.obj</name>
      </input_file>
      <input_file id="fl-fa">
         <path>/Applications/ti/ccsv7/tools/compiler/ti-cgt-arm_16.9.4.LTS/lib/</path>
         <kind>archive</kind>
         <file>rtsv7M4_T_le_v4SPD16_eabi.lib</file>
         <name>strncpy.obj</name>
      </input_file>
      <input_file id="fl-fb">
         <path>/Applications/ti/ccsv7/tools/compiler/ti-cgt-arm_16.9.4.LTS/lib/</path>
         <kind>archive</kind>
         <file>rtsv7M4_T_le_v4SPD16_eabi.lib</file>
         <name>unlink.obj</name>
      </input_file>
      <input_file id="fl-fc">
         <path>/Applications/ti/ccsv7/tools/compiler/ti-cgt-arm_16.9.4.LTS/lib/</path>
         <kind>archive</kind>
         <file>rtsv7M4_T_le_v4SPD16_eabi.lib</file>
         <name>close.obj</name>
      </input_file>
   </input_file_list>
   <object_component_list>
      <object_component id="oc-2c">
         <name>.intvecs:retain</name>
         <load_address>0x0</load_address>
         <run_address>0x0</run_address>
         <size>0xe4</size>
         <input_file_ref idref="fl-3"/>
      </object_component>
      <object_component id="oc-122">
         <name>.text</name>
         <load_address>0xe4</load_address>
         <run_address>0xe4</run_address>
         <size>0x113e</size>
         <input_file_ref idref="fl-ca"/>
      </object_component>
      <object_component id="oc-56">
         <name>.text</name>
         <load_address>0x1222</load_address>
         <run_address>0x1222</run_address>
         <size>0x2</size>
         <input_file_ref idref="fl-c5"/>
      </object_component>
      <object_component id="oc-223">
         <name>.text</name>
         <load_address>0x1224</load_address>
         <run_address>0x1224</run_address>
         <size>0x3d0</size>
         <input_file_ref idref="fl-f4"/>
      </object_component>
      <object_component id="oc-be">
         <name>.text</name>
         <load_address>0x15f4</load_address>
         <run_address>0x15f4</run_address>
         <size>0x32c</size>
         <input_file_ref idref="fl-4"/>
      </object_component>
      <object_component id="oc-ab">
         <name>.text</name>
         <load_address>0x1920</load_address>
         <run_address>0x1920</run_address>
         <size>0x22c</size>
         <input_file_ref idref="fl-2"/>
      </object_component>
      <object_component id="oc-165">
         <name>.text</name>
         <load_address>0x1b4c</load_address>
         <run_address>0x1b4c</run_address>
         <size>0x1f4</size>
         <input_file_ref idref="fl-e1"/>
      </object_component>
      <object_component id="oc-229">
         <name>.text</name>
         <load_address>0x1d40</load_address>
         <run_address>0x1d40</run_address>
         <size>0x1c4</size>
         <input_file_ref idref="fl-f3"/>
      </object_component>
      <object_component id="oc-18e">
         <name>.text</name>
         <load_address>0x1f04</load_address>
         <run_address>0x1f04</run_address>
         <size>0x1b6</size>
         <input_file_ref idref="fl-d1"/>
      </object_component>
      <object_component id="oc-174">
         <name>.text</name>
         <load_address>0x20ba</load_address>
         <run_address>0x20ba</run_address>
         <size>0x136</size>
         <input_file_ref idref="fl-d3"/>
      </object_component>
      <object_component id="oc-11c">
         <name>.text</name>
         <load_address>0x21f0</load_address>
         <run_address>0x21f0</run_address>
         <size>0x134</size>
         <input_file_ref idref="fl-d7"/>
      </object_component>
      <object_component id="oc-16f">
         <name>.text</name>
         <load_address>0x2324</load_address>
         <run_address>0x2324</run_address>
         <size>0xfc</size>
         <input_file_ref idref="fl-d4"/>
      </object_component>
      <object_component id="oc-199">
         <name>.text</name>
         <load_address>0x2420</load_address>
         <run_address>0x2420</run_address>
         <size>0xfc</size>
         <input_file_ref idref="fl-dd"/>
      </object_component>
      <object_component id="oc-1d3">
         <name>.text</name>
         <load_address>0x251c</load_address>
         <run_address>0x251c</run_address>
         <size>0xdc</size>
         <input_file_ref idref="fl-f0"/>
      </object_component>
      <object_component id="oc-149">
         <name>.text</name>
         <load_address>0x25f8</load_address>
         <run_address>0x25f8</run_address>
         <size>0xc8</size>
         <input_file_ref idref="fl-e5"/>
      </object_component>
      <object_component id="oc-26b">
         <name>.text</name>
         <load_address>0x26c0</load_address>
         <run_address>0x26c0</run_address>
         <size>0xbc</size>
         <input_file_ref idref="fl-f5"/>
      </object_component>
      <object_component id="oc-143">
         <name>.text</name>
         <load_address>0x277c</load_address>
         <run_address>0x277c</run_address>
         <size>0xac</size>
         <input_file_ref idref="fl-e3"/>
      </object_component>
      <object_component id="oc-3e">
         <name>.text</name>
         <load_address>0x2828</load_address>
         <run_address>0x2828</run_address>
         <size>0x9c</size>
         <input_file_ref idref="fl-c3"/>
      </object_component>
      <object_component id="oc-271">
         <name>.text</name>
         <load_address>0x28c4</load_address>
         <run_address>0x28c4</run_address>
         <size>0x98</size>
         <input_file_ref idref="fl-f6"/>
      </object_component>
      <object_component id="oc-116">
         <name>.text</name>
         <load_address>0x295c</load_address>
         <run_address>0x295c</run_address>
         <size>0x98</size>
         <input_file_ref idref="fl-d6"/>
      </object_component>
      <object_component id="oc-16a">
         <name>.text:__aeabi_cdcmple</name>
         <load_address>0x29f4</load_address>
         <run_address>0x29f4</run_address>
         <size>0x86</size>
         <input_file_ref idref="fl-d2"/>
      </object_component>
      <object_component id="oc-179">
         <name>.text:__aeabi_cdrcmple</name>
         <load_address>0x2a7a</load_address>
         <run_address>0x2a7a</run_address>
         <size>0x86</size>
         <input_file_ref idref="fl-d2"/>
      </object_component>
      <object_component id="oc-4a">
         <name>.text</name>
         <load_address>0x2b00</load_address>
         <run_address>0x2b00</run_address>
         <size>0x7a</size>
         <input_file_ref idref="fl-c4"/>
      </object_component>
      <object_component id="oc-a3">
         <name>.text</name>
         <load_address>0x2b7a</load_address>
         <run_address>0x2b7a</run_address>
         <size>0x2</size>
         <input_file_ref idref="fl-de"/>
      </object_component>
      <object_component id="oc-62">
         <name>.text</name>
         <load_address>0x2b7c</load_address>
         <run_address>0x2b7c</run_address>
         <size>0x70</size>
         <input_file_ref idref="fl-cd"/>
      </object_component>
      <object_component id="oc-2ae">
         <name>.text</name>
         <load_address>0x2bec</load_address>
         <run_address>0x2bec</run_address>
         <size>0x70</size>
         <input_file_ref idref="fl-f7"/>
      </object_component>
      <object_component id="oc-e4">
         <name>.text</name>
         <load_address>0x2c5c</load_address>
         <run_address>0x2c5c</run_address>
         <size>0x70</size>
         <input_file_ref idref="fl-c7"/>
      </object_component>
      <object_component id="oc-2a0">
         <name>.text</name>
         <load_address>0x2ccc</load_address>
         <run_address>0x2ccc</run_address>
         <size>0x6c</size>
         <input_file_ref idref="fl-eb"/>
      </object_component>
      <object_component id="oc-14">
         <name>.text:decompress:lzss</name>
         <load_address>0x2d38</load_address>
         <run_address>0x2d38</run_address>
         <size>0x68</size>
         <input_file_ref idref="fl-bf"/>
      </object_component>
      <object_component id="oc-294">
         <name>.text</name>
         <load_address>0x2da0</load_address>
         <run_address>0x2da0</run_address>
         <size>0x68</size>
         <input_file_ref idref="fl-e8"/>
      </object_component>
      <object_component id="oc-2c8">
         <name>.text</name>
         <load_address>0x2e08</load_address>
         <run_address>0x2e08</run_address>
         <size>0x68</size>
         <input_file_ref idref="fl-f2"/>
      </object_component>
      <object_component id="oc-1cd">
         <name>.text</name>
         <load_address>0x2e70</load_address>
         <run_address>0x2e70</run_address>
         <size>0x64</size>
         <input_file_ref idref="fl-e6"/>
      </object_component>
      <object_component id="oc-193">
         <name>.text</name>
         <load_address>0x2ed4</load_address>
         <run_address>0x2ed4</run_address>
         <size>0x64</size>
         <input_file_ref idref="fl-dc"/>
      </object_component>
      <object_component id="oc-27c">
         <name>.text</name>
         <load_address>0x2f38</load_address>
         <run_address>0x2f38</run_address>
         <size>0x60</size>
         <input_file_ref idref="fl-e9"/>
      </object_component>
      <object_component id="oc-2b7">
         <name>.text</name>
         <load_address>0x2f98</load_address>
         <run_address>0x2f98</run_address>
         <size>0x5c</size>
         <input_file_ref idref="fl-fc"/>
      </object_component>
      <object_component id="oc-288">
         <name>.text</name>
         <load_address>0x2ff4</load_address>
         <run_address>0x2ff4</run_address>
         <size>0x58</size>
         <input_file_ref idref="fl-ea"/>
      </object_component>
      <object_component id="oc-28e">
         <name>.text</name>
         <load_address>0x304c</load_address>
         <run_address>0x304c</run_address>
         <size>0x58</size>
         <input_file_ref idref="fl-ed"/>
      </object_component>
      <object_component id="oc-26">
         <name>.text</name>
         <load_address>0x30a4</load_address>
         <run_address>0x30a4</run_address>
         <size>0x54</size>
         <input_file_ref idref="fl-be"/>
      </object_component>
      <object_component id="oc-6e">
         <name>.text</name>
         <load_address>0x30f8</load_address>
         <run_address>0x30f8</run_address>
         <size>0x54</size>
         <input_file_ref idref="fl-c2"/>
      </object_component>
      <object_component id="oc-183">
         <name>.text</name>
         <load_address>0x314c</load_address>
         <run_address>0x314c</run_address>
         <size>0x54</size>
         <input_file_ref idref="fl-d9"/>
      </object_component>
      <object_component id="oc-1a5">
         <name>.text</name>
         <load_address>0x31a0</load_address>
         <run_address>0x31a0</run_address>
         <size>0x4c</size>
         <input_file_ref idref="fl-cc"/>
      </object_component>
      <object_component id="oc-9d">
         <name>.text</name>
         <load_address>0x31ec</load_address>
         <run_address>0x31ec</run_address>
         <size>0x4c</size>
         <input_file_ref idref="fl-ce"/>
      </object_component>
      <object_component id="oc-17e">
         <name>.text</name>
         <load_address>0x3238</load_address>
         <run_address>0x3238</run_address>
         <size>0x48</size>
         <input_file_ref idref="fl-d5"/>
      </object_component>
      <object_component id="oc-282">
         <name>.text</name>
         <load_address>0x3280</load_address>
         <run_address>0x3280</run_address>
         <size>0x44</size>
         <input_file_ref idref="fl-e7"/>
      </object_component>
      <object_component id="oc-29a">
         <name>.text</name>
         <load_address>0x32c4</load_address>
         <run_address>0x32c4</run_address>
         <size>0x44</size>
         <input_file_ref idref="fl-ec"/>
      </object_component>
      <object_component id="oc-2ea">
         <name>.text</name>
         <load_address>0x3308</load_address>
         <run_address>0x3308</run_address>
         <size>0x36</size>
         <input_file_ref idref="fl-fa"/>
      </object_component>
      <object_component id="oc-189">
         <name>.text</name>
         <load_address>0x333e</load_address>
         <run_address>0x333e</run_address>
         <size>0x2e</size>
         <input_file_ref idref="fl-d8"/>
      </object_component>
      <object_component id="oc-2bd">
         <name>.text</name>
         <load_address>0x336c</load_address>
         <run_address>0x336c</run_address>
         <size>0x2c</size>
         <input_file_ref idref="fl-fb"/>
      </object_component>
      <object_component id="oc-21b">
         <name>.text</name>
         <load_address>0x3398</load_address>
         <run_address>0x3398</run_address>
         <size>0x28</size>
         <input_file_ref idref="fl-ee"/>
      </object_component>
      <object_component id="oc-14f">
         <name>.text</name>
         <load_address>0x33c0</load_address>
         <run_address>0x33c0</run_address>
         <size>0x28</size>
         <input_file_ref idref="fl-e2"/>
      </object_component>
      <object_component id="oc-15d">
         <name>.text</name>
         <load_address>0x33e8</load_address>
         <run_address>0x33e8</run_address>
         <size>0x20</size>
         <input_file_ref idref="fl-db"/>
      </object_component>
      <object_component id="oc-1ab">
         <name>.text</name>
         <load_address>0x3408</load_address>
         <run_address>0x3408</run_address>
         <size>0x1c</size>
         <input_file_ref idref="fl-da"/>
      </object_component>
      <object_component id="oc-68">
         <name>.text</name>
         <load_address>0x3424</load_address>
         <run_address>0x3424</run_address>
         <size>0x18</size>
         <input_file_ref idref="fl-cb"/>
      </object_component>
      <object_component id="oc-2e4">
         <name>.text</name>
         <load_address>0x343c</load_address>
         <run_address>0x343c</run_address>
         <size>0x18</size>
         <input_file_ref idref="fl-f9"/>
      </object_component>
      <object_component id="oc-19f">
         <name>.text</name>
         <load_address>0x3454</load_address>
         <run_address>0x3454</run_address>
         <size>0x16</size>
         <input_file_ref idref="fl-df"/>
      </object_component>
      <object_component id="oc-f5">
         <name>.text</name>
         <load_address>0x346c</load_address>
         <run_address>0x346c</run_address>
         <size>0x14</size>
         <input_file_ref idref="fl-c9"/>
      </object_component>
      <object_component id="oc-1fe">
         <name>.text</name>
         <load_address>0x3480</load_address>
         <run_address>0x3480</run_address>
         <size>0x14</size>
         <input_file_ref idref="fl-ef"/>
      </object_component>
      <object_component id="oc-2dc">
         <name>.text</name>
         <load_address>0x3494</load_address>
         <run_address>0x3494</run_address>
         <size>0x14</size>
         <input_file_ref idref="fl-f1"/>
      </object_component>
      <object_component id="oc-157">
         <name>.text</name>
         <load_address>0x34a8</load_address>
         <run_address>0x34a8</run_address>
         <size>0x14</size>
         <input_file_ref idref="fl-e0"/>
      </object_component>
      <object_component id="oc-1a">
         <name>.text:decompress:none</name>
         <load_address>0x34bc</load_address>
         <run_address>0x34bc</run_address>
         <size>0xe</size>
         <input_file_ref idref="fl-c0"/>
      </object_component>
      <object_component id="oc-78">
         <name>.text</name>
         <load_address>0x34ca</load_address>
         <run_address>0x34ca</run_address>
         <size>0xe</size>
         <input_file_ref idref="fl-3"/>
      </object_component>
      <object_component id="oc-20">
         <name>.text:decompress:ZI</name>
         <load_address>0x34d8</load_address>
         <run_address>0x34d8</run_address>
         <size>0xc</size>
         <input_file_ref idref="fl-c1"/>
      </object_component>
      <object_component id="oc-5c">
         <name>.text</name>
         <load_address>0x34e4</load_address>
         <run_address>0x34e4</run_address>
         <size>0x4</size>
         <input_file_ref idref="fl-c6"/>
      </object_component>
      <object_component id="oc-20b">
         <name>.const:.string:_ctypes_</name>
         <load_address>0x34e8</load_address>
         <run_address>0x34e8</run_address>
         <size>0x101</size>
         <input_file_ref idref="fl-cf"/>
      </object_component>
      <object_component id="oc-34f">
         <name>.cinit..data.load</name>
         <load_address>0x35f0</load_address>
         <run_address>0x35f0</run_address>
         <size>0x71</size>
      </object_component>
      <object_component id="oc-34d">
         <name>__TI_handler_table</name>
         <load_address>0x3664</load_address>
         <run_address>0x3664</run_address>
         <size>0xc</size>
      </object_component>
      <object_component id="oc-350">
         <name>.cinit..bss.load</name>
         <load_address>0x3670</load_address>
         <run_address>0x3670</run_address>
         <size>0x8</size>
      </object_component>
      <object_component id="oc-34e">
         <name>__TI_cinit_table</name>
         <load_address>0x3678</load_address>
         <run_address>0x3678</run_address>
         <size>0x10</size>
      </object_component>
      <object_component id="oc-32a">
         <name>.binit</name>
         <load_address>0x0</load_address>
         <run_address>0x0</run_address>
         <size>0x0</size>
      </object_component>
      <object_component id="oc-101">
         <name>.data</name>
         <load_address>0x200005f8</load_address>
         <run_address>0x200005f8</run_address>
         <size>0x4</size>
         <input_file_ref idref="fl-4"/>
      </object_component>
      <object_component id="oc-b3">
         <name>.data:$O1$$</name>
         <load_address>0x200005c8</load_address>
         <run_address>0x200005c8</run_address>
         <size>0xc</size>
         <input_file_ref idref="fl-c2"/>
      </object_component>
      <object_component id="oc-74">
         <name>.data</name>
         <load_address>0x200005f4</load_address>
         <run_address>0x200005f4</run_address>
         <size>0x4</size>
         <input_file_ref idref="fl-c8"/>
      </object_component>
      <object_component id="oc-b6">
         <name>.data:$O1$$</name>
         <load_address>0x200005e0</load_address>
         <run_address>0x200005e0</run_address>
         <size>0x8</size>
         <input_file_ref idref="fl-c9"/>
      </object_component>
      <object_component id="oc-128">
         <name>.data:_ftable</name>
         <load_address>0x20000400</load_address>
         <run_address>0x20000400</run_address>
         <size>0xf0</size>
         <input_file_ref idref="fl-d0"/>
      </object_component>
      <object_component id="oc-1db">
         <name>.data</name>
         <load_address>0x200005b8</load_address>
         <run_address>0x200005b8</run_address>
         <size>0x10</size>
         <input_file_ref idref="fl-d0"/>
      </object_component>
      <object_component id="oc-23c">
         <name>.data:_device</name>
         <load_address>0x200004f0</load_address>
         <run_address>0x200004f0</run_address>
         <size>0x78</size>
         <input_file_ref idref="fl-e2"/>
      </object_component>
      <object_component id="oc-1e0">
         <name>.data:_stream</name>
         <load_address>0x20000568</load_address>
         <run_address>0x20000568</run_address>
         <size>0x50</size>
         <input_file_ref idref="fl-e2"/>
      </object_component>
      <object_component id="oc-204">
         <name>.data</name>
         <load_address>0x200005e8</load_address>
         <run_address>0x200005e8</run_address>
         <size>0x4</size>
         <input_file_ref idref="fl-e4"/>
      </object_component>
      <object_component id="oc-277">
         <name>.data</name>
         <load_address>0x200005ec</load_address>
         <run_address>0x200005ec</run_address>
         <size>0x4</size>
         <input_file_ref idref="fl-f3"/>
      </object_component>
      <object_component id="oc-267">
         <name>.data:$O1$$</name>
         <load_address>0x200005d4</load_address>
         <run_address>0x200005d4</run_address>
         <size>0xc</size>
         <input_file_ref idref="fl-f4"/>
      </object_component>
      <object_component id="oc-2b4">
         <name>.data</name>
         <load_address>0x200005f0</load_address>
         <run_address>0x200005f0</run_address>
         <size>0x4</size>
         <input_file_ref idref="fl-f5"/>
      </object_component>
      <object_component id="oc-2fa">
         <name>.bss:_CIOBUF_</name>
         <uninitialized>true</uninitialized>
         <run_address>0x200005fc</run_address>
         <size>0x120</size>
         <input_file_ref idref="fl-f2"/>
      </object_component>
      <object_component id="oc-2c3">
         <name>.common:__TI_tmpnams</name>
         <uninitialized>true</uninitialized>
         <run_address>0x2000071c</run_address>
         <size>0xa0</size>
      </object_component>
      <object_component id="oc-2ce">
         <name>.common:parmbuf</name>
         <uninitialized>true</uninitialized>
         <run_address>0x200007bc</run_address>
         <size>0x8</size>
      </object_component>
      <object_component id="oc-30">
         <name>.sysmem</name>
         <uninitialized>true</uninitialized>
         <run_address>0x20000000</run_address>
         <size>0x8</size>
         <input_file_ref idref="fl-f4"/>
      </object_component>
      <object_component id="oc-352">
         <name>.sysmem</name>
         <uninitialized>true</uninitialized>
         <run_address>0x20000000</run_address>
         <size>0x0</size>
      </object_component>
      <object_component id="oc-2f">
         <name>.stack</name>
         <uninitialized>true</uninitialized>
         <run_address>0x2000fe00</run_address>
         <size>0x0</size>
         <input_file_ref idref="fl-be"/>
      </object_component>
      <object_component id="oc-351">
         <name>.stack</name>
         <uninitialized>true</uninitialized>
         <run_address>0x2000fe00</run_address>
         <size>0x0</size>
      </object_component>
      <object_component id="oc-eb">
         <name>.debug_info</name>
         <load_address>0x0</load_address>
         <run_address>0x0</run_address>
         <size>0x550</size>
         <input_file_ref idref="fl-2"/>
      </object_component>
      <object_component id="oc-ac">
         <name>.debug_info</name>
         <load_address>0x550</load_address>
         <run_address>0x550</run_address>
         <size>0x3a8</size>
         <input_file_ref idref="fl-2"/>
      </object_component>
      <object_component id="oc-134">
         <name>.debug_info</name>
         <load_address>0x8f8</load_address>
         <run_address>0x8f8</run_address>
         <size>0x37cd</size>
         <input_file_ref idref="fl-2"/>
      </object_component>
      <object_component id="oc-139">
         <name>.debug_info</name>
         <load_address>0x40c5</load_address>
         <run_address>0x40c5</run_address>
         <size>0x1055</size>
         <input_file_ref idref="fl-2"/>
      </object_component>
      <object_component id="oc-39">
         <name>.debug_info</name>
         <load_address>0x511a</load_address>
         <run_address>0x511a</run_address>
         <size>0x84</size>
         <input_file_ref idref="fl-2"/>
      </object_component>
      <object_component id="oc-105">
         <name>.debug_info</name>
         <load_address>0x519e</load_address>
         <run_address>0x519e</run_address>
         <size>0x18b</size>
         <input_file_ref idref="fl-2"/>
      </object_component>
      <object_component id="oc-12d">
         <name>.debug_info</name>
         <load_address>0x5329</load_address>
         <run_address>0x5329</run_address>
         <size>0x4e</size>
         <input_file_ref idref="fl-2"/>
      </object_component>
      <object_component id="oc-80">
         <name>.debug_info</name>
         <load_address>0x5377</load_address>
         <run_address>0x5377</run_address>
         <size>0x2b1</size>
         <input_file_ref idref="fl-3"/>
      </object_component>
      <object_component id="oc-2d">
         <name>.debug_info</name>
         <load_address>0x5628</load_address>
         <run_address>0x5628</run_address>
         <size>0xef</size>
         <input_file_ref idref="fl-3"/>
      </object_component>
      <object_component id="oc-79">
         <name>.debug_info</name>
         <load_address>0x5717</load_address>
         <run_address>0x5717</run_address>
         <size>0x1b6</size>
         <input_file_ref idref="fl-3"/>
      </object_component>
      <object_component id="oc-102">
         <name>.debug_info</name>
         <load_address>0x58cd</load_address>
         <run_address>0x58cd</run_address>
         <size>0xe8</size>
         <input_file_ref idref="fl-4"/>
      </object_component>
      <object_component id="oc-bf">
         <name>.debug_info</name>
         <load_address>0x59b5</load_address>
         <run_address>0x59b5</run_address>
         <size>0x25a</size>
         <input_file_ref idref="fl-4"/>
      </object_component>
      <object_component id="oc-27">
         <name>.debug_info</name>
         <load_address>0x5c0f</load_address>
         <run_address>0x5c0f</run_address>
         <size>0x160</size>
         <input_file_ref idref="fl-be"/>
      </object_component>
      <object_component id="oc-8a">
         <name>.debug_info</name>
         <load_address>0x5d6f</load_address>
         <run_address>0x5d6f</run_address>
         <size>0x293</size>
         <input_file_ref idref="fl-bf"/>
      </object_component>
      <object_component id="oc-15">
         <name>.debug_info</name>
         <load_address>0x6002</load_address>
         <run_address>0x6002</run_address>
         <size>0x245</size>
         <input_file_ref idref="fl-bf"/>
      </object_component>
      <object_component id="oc-34">
         <name>.debug_info</name>
         <load_address>0x6247</load_address>
         <run_address>0x6247</run_address>
         <size>0x60</size>
         <input_file_ref idref="fl-bf"/>
      </object_component>
      <object_component id="oc-85">
         <name>.debug_info</name>
         <load_address>0x62a7</load_address>
         <run_address>0x62a7</run_address>
         <size>0x46</size>
         <input_file_ref idref="fl-bf"/>
      </object_component>
      <object_component id="oc-49">
         <name>.debug_info</name>
         <load_address>0x62ed</load_address>
         <run_address>0x62ed</run_address>
         <size>0x2da</size>
         <input_file_ref idref="fl-c0"/>
      </object_component>
      <object_component id="oc-1e">
         <name>.debug_info</name>
         <load_address>0x65c7</load_address>
         <run_address>0x65c7</run_address>
         <size>0x1df</size>
         <input_file_ref idref="fl-c0"/>
      </object_component>
      <object_component id="oc-44">
         <name>.debug_info</name>
         <load_address>0x67a6</load_address>
         <run_address>0x67a6</run_address>
         <size>0x46</size>
         <input_file_ref idref="fl-c0"/>
      </object_component>
      <object_component id="oc-8c">
         <name>.debug_info</name>
         <load_address>0x67ec</load_address>
         <run_address>0x67ec</run_address>
         <size>0x2c</size>
         <input_file_ref idref="fl-c0"/>
      </object_component>
      <object_component id="oc-55">
         <name>.debug_info</name>
         <load_address>0x6818</load_address>
         <run_address>0x6818</run_address>
         <size>0x2c9</size>
         <input_file_ref idref="fl-c1"/>
      </object_component>
      <object_component id="oc-24">
         <name>.debug_info</name>
         <load_address>0x6ae1</load_address>
         <run_address>0x6ae1</run_address>
         <size>0x1aa</size>
         <input_file_ref idref="fl-c1"/>
      </object_component>
      <object_component id="oc-50">
         <name>.debug_info</name>
         <load_address>0x6c8b</load_address>
         <run_address>0x6c8b</run_address>
         <size>0x46</size>
         <input_file_ref idref="fl-c1"/>
      </object_component>
      <object_component id="oc-94">
         <name>.debug_info</name>
         <load_address>0x6cd1</load_address>
         <run_address>0x6cd1</run_address>
         <size>0x2c</size>
         <input_file_ref idref="fl-c1"/>
      </object_component>
      <object_component id="oc-ba">
         <name>.debug_info</name>
         <load_address>0x6cfd</load_address>
         <run_address>0x6cfd</run_address>
         <size>0x3ce</size>
         <input_file_ref idref="fl-c2"/>
      </object_component>
      <object_component id="oc-b4">
         <name>.debug_info</name>
         <load_address>0x70cb</load_address>
         <run_address>0x70cb</run_address>
         <size>0x185</size>
         <input_file_ref idref="fl-c2"/>
      </object_component>
      <object_component id="oc-6f">
         <name>.debug_info</name>
         <load_address>0x7250</load_address>
         <run_address>0x7250</run_address>
         <size>0x214</size>
         <input_file_ref idref="fl-c2"/>
      </object_component>
      <object_component id="oc-3f">
         <name>.debug_info</name>
         <load_address>0x7464</load_address>
         <run_address>0x7464</run_address>
         <size>0x111</size>
         <input_file_ref idref="fl-c3"/>
      </object_component>
      <object_component id="oc-4b">
         <name>.debug_info</name>
         <load_address>0x7575</load_address>
         <run_address>0x7575</run_address>
         <size>0x13f</size>
         <input_file_ref idref="fl-c4"/>
      </object_component>
      <object_component id="oc-57">
         <name>.debug_info</name>
         <load_address>0x76b4</load_address>
         <run_address>0x76b4</run_address>
         <size>0x138</size>
         <input_file_ref idref="fl-c5"/>
      </object_component>
      <object_component id="oc-5d">
         <name>.debug_info</name>
         <load_address>0x77ec</load_address>
         <run_address>0x77ec</run_address>
         <size>0x148</size>
         <input_file_ref idref="fl-c6"/>
      </object_component>
      <object_component id="oc-12c">
         <name>.debug_info</name>
         <load_address>0x7934</load_address>
         <run_address>0x7934</run_address>
         <size>0x3c6</size>
         <input_file_ref idref="fl-c7"/>
      </object_component>
      <object_component id="oc-e5">
         <name>.debug_info</name>
         <load_address>0x7cfa</load_address>
         <run_address>0x7cfa</run_address>
         <size>0x284</size>
         <input_file_ref idref="fl-c7"/>
      </object_component>
      <object_component id="oc-1c8">
         <name>.debug_info</name>
         <load_address>0x7f7e</load_address>
         <run_address>0x7f7e</run_address>
         <size>0xae</size>
         <input_file_ref idref="fl-c7"/>
      </object_component>
      <object_component id="oc-75">
         <name>.debug_info</name>
         <load_address>0x802c</load_address>
         <run_address>0x802c</run_address>
         <size>0x109</size>
         <input_file_ref idref="fl-c8"/>
      </object_component>
      <object_component id="oc-fd">
         <name>.debug_info</name>
         <load_address>0x8135</load_address>
         <run_address>0x8135</run_address>
         <size>0x2be</size>
         <input_file_ref idref="fl-c9"/>
      </object_component>
      <object_component id="oc-b7">
         <name>.debug_info</name>
         <load_address>0x83f3</load_address>
         <run_address>0x83f3</run_address>
         <size>0x113</size>
         <input_file_ref idref="fl-c9"/>
      </object_component>
      <object_component id="oc-f6">
         <name>.debug_info</name>
         <load_address>0x8506</load_address>
         <run_address>0x8506</run_address>
         <size>0x21f</size>
         <input_file_ref idref="fl-c9"/>
      </object_component>
      <object_component id="oc-1b2">
         <name>.debug_info</name>
         <load_address>0x8725</load_address>
         <run_address>0x8725</run_address>
         <size>0x51f</size>
         <input_file_ref idref="fl-ca"/>
      </object_component>
      <object_component id="oc-126">
         <name>.debug_info</name>
         <load_address>0x8c44</load_address>
         <run_address>0x8c44</run_address>
         <size>0x1543</size>
         <input_file_ref idref="fl-ca"/>
      </object_component>
      <object_component id="oc-1b3">
         <name>.debug_info</name>
         <load_address>0xa187</load_address>
         <run_address>0xa187</run_address>
         <size>0x86</size>
         <input_file_ref idref="fl-ca"/>
      </object_component>
      <object_component id="oc-1bd">
         <name>.debug_info</name>
         <load_address>0xa20d</load_address>
         <run_address>0xa20d</run_address>
         <size>0x2c</size>
         <input_file_ref idref="fl-ca"/>
      </object_component>
      <object_component id="oc-214">
         <name>.debug_info</name>
         <load_address>0xa239</load_address>
         <run_address>0xa239</run_address>
         <size>0x46</size>
         <input_file_ref idref="fl-ca"/>
      </object_component>
      <object_component id="oc-1b8">
         <name>.debug_info</name>
         <load_address>0xa27f</load_address>
         <run_address>0xa27f</run_address>
         <size>0x39</size>
         <input_file_ref idref="fl-ca"/>
      </object_component>
      <object_component id="oc-b2">
         <name>.debug_info</name>
         <load_address>0xa2b8</load_address>
         <run_address>0xa2b8</run_address>
         <size>0x300</size>
         <input_file_ref idref="fl-cb"/>
      </object_component>
      <object_component id="oc-69">
         <name>.debug_info</name>
         <load_address>0xa5b8</load_address>
         <run_address>0xa5b8</run_address>
         <size>0x167</size>
         <input_file_ref idref="fl-cb"/>
      </object_component>
      <object_component id="oc-ee">
         <name>.debug_info</name>
         <load_address>0xa71f</load_address>
         <run_address>0xa71f</run_address>
         <size>0x5e</size>
         <input_file_ref idref="fl-cb"/>
      </object_component>
      <object_component id="oc-20f">
         <name>.debug_info</name>
         <load_address>0xa77d</load_address>
         <run_address>0xa77d</run_address>
         <size>0x2ae</size>
         <input_file_ref idref="fl-cc"/>
      </object_component>
      <object_component id="oc-1a6">
         <name>.debug_info</name>
         <load_address>0xaa2b</load_address>
         <run_address>0xaa2b</run_address>
         <size>0x171</size>
         <input_file_ref idref="fl-cc"/>
      </object_component>
      <object_component id="oc-aa">
         <name>.debug_info</name>
         <load_address>0xab9c</load_address>
         <run_address>0xab9c</run_address>
         <size>0x483</size>
         <input_file_ref idref="fl-cd"/>
      </object_component>
      <object_component id="oc-63">
         <name>.debug_info</name>
         <load_address>0xb01f</load_address>
         <run_address>0xb01f</run_address>
         <size>0x190</size>
         <input_file_ref idref="fl-cd"/>
      </object_component>
      <object_component id="oc-da">
         <name>.debug_info</name>
         <load_address>0xb1af</load_address>
         <run_address>0xb1af</run_address>
         <size>0x39</size>
         <input_file_ref idref="fl-cd"/>
      </object_component>
      <object_component id="oc-111">
         <name>.debug_info</name>
         <load_address>0xb1e8</load_address>
         <run_address>0xb1e8</run_address>
         <size>0x39</size>
         <input_file_ref idref="fl-cd"/>
      </object_component>
      <object_component id="oc-df">
         <name>.debug_info</name>
         <load_address>0xb221</load_address>
         <run_address>0xb221</run_address>
         <size>0xcd</size>
         <input_file_ref idref="fl-cd"/>
      </object_component>
      <object_component id="oc-d6">
         <name>.debug_info</name>
         <load_address>0xb2ee</load_address>
         <run_address>0xb2ee</run_address>
         <size>0x37a</size>
         <input_file_ref idref="fl-ce"/>
      </object_component>
      <object_component id="oc-9e">
         <name>.debug_info</name>
         <load_address>0xb668</load_address>
         <run_address>0xb668</run_address>
         <size>0x183</size>
         <input_file_ref idref="fl-ce"/>
      </object_component>
      <object_component id="oc-10c">
         <name>.debug_info</name>
         <load_address>0xb7eb</load_address>
         <run_address>0xb7eb</run_address>
         <size>0x2c</size>
         <input_file_ref idref="fl-ce"/>
      </object_component>
      <object_component id="oc-25e">
         <name>.debug_info</name>
         <load_address>0xb817</load_address>
         <run_address>0xb817</run_address>
         <size>0xee</size>
         <input_file_ref idref="fl-cf"/>
      </object_component>
      <object_component id="oc-20c">
         <name>.debug_info</name>
         <load_address>0xb905</load_address>
         <run_address>0xb905</run_address>
         <size>0xfa</size>
         <input_file_ref idref="fl-cf"/>
      </object_component>
      <object_component id="oc-1c4">
         <name>.debug_info</name>
         <load_address>0xb9ff</load_address>
         <run_address>0xb9ff</run_address>
         <size>0x139</size>
         <input_file_ref idref="fl-d0"/>
      </object_component>
      <object_component id="oc-129">
         <name>.debug_info</name>
         <load_address>0xbb38</load_address>
         <run_address>0xbb38</run_address>
         <size>0xf7</size>
         <input_file_ref idref="fl-d0"/>
      </object_component>
      <object_component id="oc-1dc">
         <name>.debug_info</name>
         <load_address>0xbc2f</load_address>
         <run_address>0xbc2f</run_address>
         <size>0x184</size>
         <input_file_ref idref="fl-d0"/>
      </object_component>
      <object_component id="oc-18f">
         <name>.debug_info</name>
         <load_address>0xbdb3</load_address>
         <run_address>0xbdb3</run_address>
         <size>0x144</size>
         <input_file_ref idref="fl-d1"/>
      </object_component>
      <object_component id="oc-16b">
         <name>.debug_info</name>
         <load_address>0xbef7</load_address>
         <run_address>0xbef7</run_address>
         <size>0x120</size>
         <input_file_ref idref="fl-d2"/>
      </object_component>
      <object_component id="oc-17a">
         <name>.debug_info</name>
         <load_address>0xc017</load_address>
         <run_address>0xc017</run_address>
         <size>0x122</size>
         <input_file_ref idref="fl-d2"/>
      </object_component>
      <object_component id="oc-175">
         <name>.debug_info</name>
         <load_address>0xc139</load_address>
         <run_address>0xc139</run_address>
         <size>0x132</size>
         <input_file_ref idref="fl-d3"/>
      </object_component>
      <object_component id="oc-170">
         <name>.debug_info</name>
         <load_address>0xc26b</load_address>
         <run_address>0xc26b</run_address>
         <size>0x132</size>
         <input_file_ref idref="fl-d4"/>
      </object_component>
      <object_component id="oc-17f">
         <name>.debug_info</name>
         <load_address>0xc39d</load_address>
         <run_address>0xc39d</run_address>
         <size>0x126</size>
         <input_file_ref idref="fl-d5"/>
      </object_component>
      <object_component id="oc-156">
         <name>.debug_info</name>
         <load_address>0xc4c3</load_address>
         <run_address>0xc4c3</run_address>
         <size>0x378</size>
         <input_file_ref idref="fl-d6"/>
      </object_component>
      <object_component id="oc-117">
         <name>.debug_info</name>
         <load_address>0xc83b</load_address>
         <run_address>0xc83b</run_address>
         <size>0x23f</size>
         <input_file_ref idref="fl-d6"/>
      </object_component>
      <object_component id="oc-164">
         <name>.debug_info</name>
         <load_address>0xca7a</load_address>
         <run_address>0xca7a</run_address>
         <size>0x43c</size>
         <input_file_ref idref="fl-d7"/>
      </object_component>
      <object_component id="oc-11d">
         <name>.debug_info</name>
         <load_address>0xceb6</load_address>
         <run_address>0xceb6</run_address>
         <size>0x359</size>
         <input_file_ref idref="fl-d7"/>
      </object_component>
      <object_component id="oc-18a">
         <name>.debug_info</name>
         <load_address>0xd20f</load_address>
         <run_address>0xd20f</run_address>
         <size>0x124</size>
         <input_file_ref idref="fl-d8"/>
      </object_component>
      <object_component id="oc-1f4">
         <name>.debug_info</name>
         <load_address>0xd333</load_address>
         <run_address>0xd333</run_address>
         <size>0x2e6</size>
         <input_file_ref idref="fl-d9"/>
      </object_component>
      <object_component id="oc-184">
         <name>.debug_info</name>
         <load_address>0xd619</load_address>
         <run_address>0xd619</run_address>
         <size>0x1c2</size>
         <input_file_ref idref="fl-d9"/>
      </object_component>
      <object_component id="oc-211">
         <name>.debug_info</name>
         <load_address>0xd7db</load_address>
         <run_address>0xd7db</run_address>
         <size>0x28b</size>
         <input_file_ref idref="fl-da"/>
      </object_component>
      <object_component id="oc-1ac">
         <name>.debug_info</name>
         <load_address>0xda66</load_address>
         <run_address>0xda66</run_address>
         <size>0x1ab</size>
         <input_file_ref idref="fl-da"/>
      </object_component>
      <object_component id="oc-1ea">
         <name>.debug_info</name>
         <load_address>0xdc11</load_address>
         <run_address>0xdc11</run_address>
         <size>0x29a</size>
         <input_file_ref idref="fl-db"/>
      </object_component>
      <object_component id="oc-15e">
         <name>.debug_info</name>
         <load_address>0xdeab</load_address>
         <run_address>0xdeab</run_address>
         <size>0x242</size>
         <input_file_ref idref="fl-db"/>
      </object_component>
      <object_component id="oc-1f8">
         <name>.debug_info</name>
         <load_address>0xe0ed</load_address>
         <run_address>0xe0ed</run_address>
         <size>0x2d9</size>
         <input_file_ref idref="fl-dc"/>
      </object_component>
      <object_component id="oc-194">
         <name>.debug_info</name>
         <load_address>0xe3c6</load_address>
         <run_address>0xe3c6</run_address>
         <size>0x18a</size>
         <input_file_ref idref="fl-dc"/>
      </object_component>
      <object_component id="oc-1f9">
         <name>.debug_info</name>
         <load_address>0xe550</load_address>
         <run_address>0xe550</run_address>
         <size>0x2c</size>
         <input_file_ref idref="fl-dc"/>
      </object_component>
      <object_component id="oc-208">
         <name>.debug_info</name>
         <load_address>0xe57c</load_address>
         <run_address>0xe57c</run_address>
         <size>0x316</size>
         <input_file_ref idref="fl-dd"/>
      </object_component>
      <object_component id="oc-19a">
         <name>.debug_info</name>
         <load_address>0xe892</load_address>
         <run_address>0xe892</run_address>
         <size>0x1d5</size>
         <input_file_ref idref="fl-dd"/>
      </object_component>
      <object_component id="oc-a4">
         <name>.debug_info</name>
         <load_address>0xea67</load_address>
         <run_address>0xea67</run_address>
         <size>0x145</size>
         <input_file_ref idref="fl-de"/>
      </object_component>
      <object_component id="oc-20a">
         <name>.debug_info</name>
         <load_address>0xebac</load_address>
         <run_address>0xebac</run_address>
         <size>0x28f</size>
         <input_file_ref idref="fl-df"/>
      </object_component>
      <object_component id="oc-1a0">
         <name>.debug_info</name>
         <load_address>0xee3b</load_address>
         <run_address>0xee3b</run_address>
         <size>0x244</size>
         <input_file_ref idref="fl-df"/>
      </object_component>
      <object_component id="oc-1e8">
         <name>.debug_info</name>
         <load_address>0xf07f</load_address>
         <run_address>0xf07f</run_address>
         <size>0x284</size>
         <input_file_ref idref="fl-e0"/>
      </object_component>
      <object_component id="oc-158">
         <name>.debug_info</name>
         <load_address>0xf303</load_address>
         <run_address>0xf303</run_address>
         <size>0x22a</size>
         <input_file_ref idref="fl-e0"/>
      </object_component>
      <object_component id="oc-166">
         <name>.debug_info</name>
         <load_address>0xf52d</load_address>
         <run_address>0xf52d</run_address>
         <size>0x17d</size>
         <input_file_ref idref="fl-e1"/>
      </object_component>
      <object_component id="oc-1e4">
         <name>.debug_info</name>
         <load_address>0xf6aa</load_address>
         <run_address>0xf6aa</run_address>
         <size>0x4c5</size>
         <input_file_ref idref="fl-e2"/>
      </object_component>
      <object_component id="oc-23d">
         <name>.debug_info</name>
         <load_address>0xfb6f</load_address>
         <run_address>0xfb6f</run_address>
         <size>0xf8</size>
         <input_file_ref idref="fl-e2"/>
      </object_component>
      <object_component id="oc-1e1">
         <name>.debug_info</name>
         <load_address>0xfc67</load_address>
         <run_address>0xfc67</run_address>
         <size>0xf8</size>
         <input_file_ref idref="fl-e2"/>
      </object_component>
      <object_component id="oc-150">
         <name>.debug_info</name>
         <load_address>0xfd5f</load_address>
         <run_address>0xfd5f</run_address>
         <size>0x184</size>
         <input_file_ref idref="fl-e2"/>
      </object_component>
      <object_component id="oc-243">
         <name>.debug_info</name>
         <load_address>0xfee3</load_address>
         <run_address>0xfee3</run_address>
         <size>0x120</size>
         <input_file_ref idref="fl-e2"/>
      </object_component>
      <object_component id="oc-248">
         <name>.debug_info</name>
         <load_address>0x10003</load_address>
         <run_address>0x10003</run_address>
         <size>0x2c</size>
         <input_file_ref idref="fl-e2"/>
      </object_component>
      <object_component id="oc-1da">
         <name>.debug_info</name>
         <load_address>0x1002f</load_address>
         <run_address>0x1002f</run_address>
         <size>0x2eb</size>
         <input_file_ref idref="fl-e3"/>
      </object_component>
      <object_component id="oc-144">
         <name>.debug_info</name>
         <load_address>0x1031a</load_address>
         <run_address>0x1031a</run_address>
         <size>0x230</size>
         <input_file_ref idref="fl-e3"/>
      </object_component>
      <object_component id="oc-231">
         <name>.debug_info</name>
         <load_address>0x1054a</load_address>
         <run_address>0x1054a</run_address>
         <size>0xbb</size>
         <input_file_ref idref="fl-e3"/>
      </object_component>
      <object_component id="oc-205">
         <name>.debug_info</name>
         <load_address>0x10605</load_address>
         <run_address>0x10605</run_address>
         <size>0xf3</size>
         <input_file_ref idref="fl-e4"/>
      </object_component>
      <object_component id="oc-1df">
         <name>.debug_info</name>
         <load_address>0x106f8</load_address>
         <run_address>0x106f8</run_address>
         <size>0x33c</size>
         <input_file_ref idref="fl-e5"/>
      </object_component>
      <object_component id="oc-14a">
         <name>.debug_info</name>
         <load_address>0x10a34</load_address>
         <run_address>0x10a34</run_address>
         <size>0x25a</size>
         <input_file_ref idref="fl-e5"/>
      </object_component>
      <object_component id="oc-222">
         <name>.debug_info</name>
         <load_address>0x10c8e</load_address>
         <run_address>0x10c8e</run_address>
         <size>0x319</size>
         <input_file_ref idref="fl-e6"/>
      </object_component>
      <object_component id="oc-1ce">
         <name>.debug_info</name>
         <load_address>0x10fa7</load_address>
         <run_address>0x10fa7</run_address>
         <size>0x1e1</size>
         <input_file_ref idref="fl-e6"/>
      </object_component>
      <object_component id="oc-2d3">
         <name>.debug_info</name>
         <load_address>0x11188</load_address>
         <run_address>0x11188</run_address>
         <size>0x368</size>
         <input_file_ref idref="fl-e7"/>
      </object_component>
      <object_component id="oc-283">
         <name>.debug_info</name>
         <load_address>0x114f0</load_address>
         <run_address>0x114f0</run_address>
         <size>0x1b1</size>
         <input_file_ref idref="fl-e7"/>
      </object_component>
      <object_component id="oc-2d9">
         <name>.debug_info</name>
         <load_address>0x116a1</load_address>
         <run_address>0x116a1</run_address>
         <size>0x36d</size>
         <input_file_ref idref="fl-e8"/>
      </object_component>
      <object_component id="oc-295">
         <name>.debug_info</name>
         <load_address>0x11a0e</load_address>
         <run_address>0x11a0e</run_address>
         <size>0x205</size>
         <input_file_ref idref="fl-e8"/>
      </object_component>
      <object_component id="oc-2cf">
         <name>.debug_info</name>
         <load_address>0x11c13</load_address>
         <run_address>0x11c13</run_address>
         <size>0x3cb</size>
         <input_file_ref idref="fl-e9"/>
      </object_component>
      <object_component id="oc-27f">
         <name>.debug_info</name>
         <load_address>0x11fde</load_address>
         <run_address>0x11fde</run_address>
         <size>0x201</size>
         <input_file_ref idref="fl-e9"/>
      </object_component>
      <object_component id="oc-2d5">
         <name>.debug_info</name>
         <load_address>0x121df</load_address>
         <run_address>0x121df</run_address>
         <size>0x36c</size>
         <input_file_ref idref="fl-ea"/>
      </object_component>
      <object_component id="oc-289">
         <name>.debug_info</name>
         <load_address>0x1254b</load_address>
         <run_address>0x1254b</run_address>
         <size>0x1f0</size>
         <input_file_ref idref="fl-ea"/>
      </object_component>
      <object_component id="oc-2e3">
         <name>.debug_info</name>
         <load_address>0x1273b</load_address>
         <run_address>0x1273b</run_address>
         <size>0x3f3</size>
         <input_file_ref idref="fl-eb"/>
      </object_component>
      <object_component id="oc-2a1">
         <name>.debug_info</name>
         <load_address>0x12b2e</load_address>
         <run_address>0x12b2e</run_address>
         <size>0x22b</size>
         <input_file_ref idref="fl-eb"/>
      </object_component>
      <object_component id="oc-2db">
         <name>.debug_info</name>
         <load_address>0x12d59</load_address>
         <run_address>0x12d59</run_address>
         <size>0x3be</size>
         <input_file_ref idref="fl-ec"/>
      </object_component>
      <object_component id="oc-29b">
         <name>.debug_info</name>
         <load_address>0x13117</load_address>
         <run_address>0x13117</run_address>
         <size>0x1bb</size>
         <input_file_ref idref="fl-ec"/>
      </object_component>
      <object_component id="oc-2d7">
         <name>.debug_info</name>
         <load_address>0x132d2</load_address>
         <run_address>0x132d2</run_address>
         <size>0x36d</size>
         <input_file_ref idref="fl-ed"/>
      </object_component>
      <object_component id="oc-28f">
         <name>.debug_info</name>
         <load_address>0x1363f</load_address>
         <run_address>0x1363f</run_address>
         <size>0x1f5</size>
         <input_file_ref idref="fl-ed"/>
      </object_component>
      <object_component id="oc-264">
         <name>.debug_info</name>
         <load_address>0x13834</load_address>
         <run_address>0x13834</run_address>
         <size>0x38c</size>
         <input_file_ref idref="fl-ee"/>
      </object_component>
      <object_component id="oc-21c">
         <name>.debug_info</name>
         <load_address>0x13bc0</load_address>
         <run_address>0x13bc0</run_address>
         <size>0x18a</size>
         <input_file_ref idref="fl-ee"/>
      </object_component>
      <object_component id="oc-1ff">
         <name>.debug_info</name>
         <load_address>0x13d4a</load_address>
         <run_address>0x13d4a</run_address>
         <size>0x156</size>
         <input_file_ref idref="fl-ef"/>
      </object_component>
      <object_component id="oc-230">
         <name>.debug_info</name>
         <load_address>0x13ea0</load_address>
         <run_address>0x13ea0</run_address>
         <size>0x35a</size>
         <input_file_ref idref="fl-f0"/>
      </object_component>
      <object_component id="oc-1d4">
         <name>.debug_info</name>
         <load_address>0x141fa</load_address>
         <run_address>0x141fa</run_address>
         <size>0x200</size>
         <input_file_ref idref="fl-f0"/>
      </object_component>
      <object_component id="oc-30c">
         <name>.debug_info</name>
         <load_address>0x143fa</load_address>
         <run_address>0x143fa</run_address>
         <size>0x28a</size>
         <input_file_ref idref="fl-f1"/>
      </object_component>
      <object_component id="oc-2dd">
         <name>.debug_info</name>
         <load_address>0x14684</load_address>
         <run_address>0x14684</run_address>
         <size>0x231</size>
         <input_file_ref idref="fl-f1"/>
      </object_component>
      <object_component id="oc-2fe">
         <name>.debug_info</name>
         <load_address>0x148b5</load_address>
         <run_address>0x148b5</run_address>
         <size>0x2b0</size>
         <input_file_ref idref="fl-f2"/>
      </object_component>
      <object_component id="oc-2fb">
         <name>.debug_info</name>
         <load_address>0x14b65</load_address>
         <run_address>0x14b65</run_address>
         <size>0xfd</size>
         <input_file_ref idref="fl-f2"/>
      </object_component>
      <object_component id="oc-2c9">
         <name>.debug_info</name>
         <load_address>0x14c62</load_address>
         <run_address>0x14c62</run_address>
         <size>0x281</size>
         <input_file_ref idref="fl-f2"/>
      </object_component>
      <object_component id="oc-279">
         <name>.debug_info</name>
         <load_address>0x14ee3</load_address>
         <run_address>0x14ee3</run_address>
         <size>0x3d6</size>
         <input_file_ref idref="fl-f3"/>
      </object_component>
      <object_component id="oc-22c">
         <name>.debug_info</name>
         <load_address>0x152b9</load_address>
         <run_address>0x152b9</run_address>
         <size>0x455</size>
         <input_file_ref idref="fl-f3"/>
      </object_component>
      <object_component id="oc-c9">
         <name>.debug_info</name>
         <load_address>0x1570e</load_address>
         <run_address>0x1570e</run_address>
         <size>0x2c</size>
         <input_file_ref idref="fl-f3"/>
      </object_component>
      <object_component id="oc-83">
         <name>.debug_info</name>
         <load_address>0x1573a</load_address>
         <run_address>0x1573a</run_address>
         <size>0x3bc</size>
         <input_file_ref idref="fl-f4"/>
      </object_component>
      <object_component id="oc-31">
         <name>.debug_info</name>
         <load_address>0x15af6</load_address>
         <run_address>0x15af6</run_address>
         <size>0x101</size>
         <input_file_ref idref="fl-f4"/>
      </object_component>
      <object_component id="oc-268">
         <name>.debug_info</name>
         <load_address>0x15bf7</load_address>
         <run_address>0x15bf7</run_address>
         <size>0x14c</size>
         <input_file_ref idref="fl-f4"/>
      </object_component>
      <object_component id="oc-224">
         <name>.debug_info</name>
         <load_address>0x15d43</load_address>
         <run_address>0x15d43</run_address>
         <size>0x885</size>
         <input_file_ref idref="fl-f4"/>
      </object_component>
      <object_component id="oc-ce">
         <name>.debug_info</name>
         <load_address>0x165c8</load_address>
         <run_address>0x165c8</run_address>
         <size>0x62</size>
         <input_file_ref idref="fl-f4"/>
      </object_component>
      <object_component id="oc-2b6">
         <name>.debug_info</name>
         <load_address>0x1662a</load_address>
         <run_address>0x1662a</run_address>
         <size>0x3f7</size>
         <input_file_ref idref="fl-f5"/>
      </object_component>
      <object_component id="oc-26c">
         <name>.debug_info</name>
         <load_address>0x16a21</load_address>
         <run_address>0x16a21</run_address>
         <size>0x23a</size>
         <input_file_ref idref="fl-f5"/>
      </object_component>
      <object_component id="oc-2c5">
         <name>.debug_info</name>
         <load_address>0x16c5b</load_address>
         <run_address>0x16c5b</run_address>
         <size>0x39a</size>
         <input_file_ref idref="fl-f6"/>
      </object_component>
      <object_component id="oc-272">
         <name>.debug_info</name>
         <load_address>0x16ff5</load_address>
         <run_address>0x16ff5</run_address>
         <size>0x298</size>
         <input_file_ref idref="fl-f6"/>
      </object_component>
      <object_component id="oc-2f1">
         <name>.debug_info</name>
         <load_address>0x1728d</load_address>
         <run_address>0x1728d</run_address>
         <size>0x417</size>
         <input_file_ref idref="fl-f7"/>
      </object_component>
      <object_component id="oc-2af">
         <name>.debug_info</name>
         <load_address>0x176a4</load_address>
         <run_address>0x176a4</run_address>
         <size>0x282</size>
         <input_file_ref idref="fl-f7"/>
      </object_component>
      <object_component id="oc-315">
         <name>.debug_info</name>
         <load_address>0x17926</load_address>
         <run_address>0x17926</run_address>
         <size>0xea</size>
         <input_file_ref idref="fl-f7"/>
      </object_component>
      <object_component id="oc-310">
         <name>.debug_info</name>
         <load_address>0x17a10</load_address>
         <run_address>0x17a10</run_address>
         <size>0x27f</size>
         <input_file_ref idref="fl-f9"/>
      </object_component>
      <object_component id="oc-2e5">
         <name>.debug_info</name>
         <load_address>0x17c8f</load_address>
         <run_address>0x17c8f</run_address>
         <size>0x258</size>
         <input_file_ref idref="fl-f9"/>
      </object_component>
      <object_component id="oc-312">
         <name>.debug_info</name>
         <load_address>0x17ee7</load_address>
         <run_address>0x17ee7</run_address>
         <size>0x290</size>
         <input_file_ref idref="fl-fa"/>
      </object_component>
      <object_component id="oc-2eb">
         <name>.debug_info</name>
         <load_address>0x18177</load_address>
         <run_address>0x18177</run_address>
         <size>0x259</size>
         <input_file_ref idref="fl-fa"/>
      </object_component>
      <object_component id="oc-2f7">
         <name>.debug_info</name>
         <load_address>0x183d0</load_address>
         <run_address>0x183d0</run_address>
         <size>0x3c6</size>
         <input_file_ref idref="fl-fb"/>
      </object_component>
      <object_component id="oc-2be">
         <name>.debug_info</name>
         <load_address>0x18796</load_address>
         <run_address>0x18796</run_address>
         <size>0x19a</size>
         <input_file_ref idref="fl-fb"/>
      </object_component>
      <object_component id="oc-2f5">
         <name>.debug_info</name>
         <load_address>0x18930</load_address>
         <run_address>0x18930</run_address>
         <size>0x3c4</size>
         <input_file_ref idref="fl-fc"/>
      </object_component>
      <object_component id="oc-2b8">
         <name>.debug_info</name>
         <load_address>0x18cf4</load_address>
         <run_address>0x18cf4</run_address>
         <size>0x18a</size>
         <input_file_ref idref="fl-fc"/>
      </object_component>
      <object_component id="oc-353">
         <name>.debug_info</name>
         <load_address>0x18e7e</load_address>
         <run_address>0x18e7e</run_address>
         <size>0x9e</size>
      </object_component>
      <object_component id="oc-133">
         <name>.debug_line</name>
         <load_address>0x0</load_address>
         <run_address>0x0</run_address>
         <size>0x6f</size>
         <input_file_ref idref="fl-2"/>
      </object_component>
      <object_component id="oc-af">
         <name>.debug_line</name>
         <load_address>0x6f</load_address>
         <run_address>0x6f</run_address>
         <size>0x143</size>
         <input_file_ref idref="fl-2"/>
      </object_component>
      <object_component id="oc-137">
         <name>.debug_line</name>
         <load_address>0x1b2</load_address>
         <run_address>0x1b2</run_address>
         <size>0x5d</size>
         <input_file_ref idref="fl-2"/>
      </object_component>
      <object_component id="oc-13c">
         <name>.debug_line</name>
         <load_address>0x20f</load_address>
         <run_address>0x20f</run_address>
         <size>0x60</size>
         <input_file_ref idref="fl-2"/>
      </object_component>
      <object_component id="oc-3c">
         <name>.debug_line</name>
         <load_address>0x26f</load_address>
         <run_address>0x26f</run_address>
         <size>0x20</size>
         <input_file_ref idref="fl-2"/>
      </object_component>
      <object_component id="oc-108">
         <name>.debug_line</name>
         <load_address>0x28f</load_address>
         <run_address>0x28f</run_address>
         <size>0x70</size>
         <input_file_ref idref="fl-2"/>
      </object_component>
      <object_component id="oc-130">
         <name>.debug_line</name>
         <load_address>0x2ff</load_address>
         <run_address>0x2ff</run_address>
         <size>0x70</size>
         <input_file_ref idref="fl-2"/>
      </object_component>
      <object_component id="oc-c6">
         <name>.debug_line</name>
         <load_address>0x36f</load_address>
         <run_address>0x36f</run_address>
         <size>0x40</size>
         <input_file_ref idref="fl-3"/>
      </object_component>
      <object_component id="oc-7f">
         <name>.debug_line</name>
         <load_address>0x3af</load_address>
         <run_address>0x3af</run_address>
         <size>0x40</size>
         <input_file_ref idref="fl-3"/>
      </object_component>
      <object_component id="oc-7c">
         <name>.debug_line</name>
[...]
      </symbol>
      <symbol id="sm-1c6">
         <name>main_func_sp</name>
         <value>0x200005f4</value>
         <object_component_ref idref="oc-74"/>
      </symbol>
      <symbol id="sm-1df">
         <name>_nop</name>
         <value>0x347b</value>
         <object_component_ref idref="oc-f5"/>
      </symbol>
      <symbol id="sm-1e0">
         <name>_lock</name>
         <value>0x200005e0</value>
         <object_component_ref idref="oc-b6"/>
      </symbol>
      <symbol id="sm-1e1">
         <name>_unlock</name>
         <value>0x200005e4</value>
         <object_component_ref idref="oc-b6"/>
      </symbol>
      <symbol id="sm-1e2">
         <name>_register_lock</name>
         <value>0x3473</value>
         <object_component_ref idref="oc-f5"/>
      </symbol>
      <symbol id="sm-1e3">
         <name>_register_unlock</name>
         <value>0x346d</value>
         <object_component_ref idref="oc-f5"/>
      </symbol>
      <symbol id="sm-2e9">
         <name>__TI_printfi</name>
         <value>0x929</value>
         <object_component_ref idref="oc-122"/>
      </symbol>
      <symbol id="sm-2fd">
         <name>_args_main</name>
         <value>0x3425</value>
         <object_component_ref idref="oc-68"/>
      </symbol>
      <symbol id="sm-313">
         <name>atoi</name>
         <value>0x31a1</value>
         <object_component_ref idref="oc-1a5"/>
      </symbol>
      <symbol id="sm-33d">
         <name>__TI_auto_init</name>
         <value>0x2b7d</value>
         <object_component_ref idref="oc-62"/>
      </symbol>
      <symbol id="sm-357">
         <name>copy_in</name>
         <value>0x31ed</value>
         <object_component_ref idref="oc-9d"/>
      </symbol>
      <symbol id="sm-362">
         <name>_ctypes_</name>
         <value>0x34e8</value>
         <object_component_ref idref="oc-20b"/>
      </symbol>
      <symbol id="sm-377">
         <name>__TI_tmpnams</name>
         <value>0x2000071c</value>
      </symbol>
      <symbol id="sm-378">
         <name>__aeabi_stdout</name>
         <value>0x200005c0</value>
         <object_component_ref idref="oc-1db"/>
      </symbol>
      <symbol id="sm-379">
         <name>__aeabi_stderr</name>
         <value>0x200005c4</value>
         <object_component_ref idref="oc-1db"/>
      </symbol>
      <symbol id="sm-37a">
         <name>__aeabi_stdin</name>
         <value>0x200005bc</value>
         <object_component_ref idref="oc-1db"/>
      </symbol>
      <symbol id="sm-37b">
         <name>_ftable</name>
         <value>0x20000400</value>
         <object_component_ref idref="oc-128"/>
      </symbol>
      <symbol id="sm-37c">
         <name>__TI_ft_end</name>
         <value>0x200005b8</value>
         <object_component_ref idref="oc-1db"/>
      </symbol>
      <symbol id="sm-393">
         <name>__aeabi_dsub</name>
         <value>0x1f05</value>
         <object_component_ref idref="oc-18e"/>
      </symbol>
      <symbol id="sm-394">
         <name>__aeabi_dadd</name>
         <value>0x1f0f</value>
         <object_component_ref idref="oc-18e"/>
      </symbol>
      <symbol id="sm-3b6">
         <name>__aeabi_cdcmpeq</name>
         <value>0x29f5</value>
         <object_component_ref idref="oc-16a"/>
      </symbol>
      <symbol id="sm-3b7">
         <name>__aeabi_cdcmple</name>
         <value>0x29f5</value>
         <object_component_ref idref="oc-16a"/>
      </symbol>
      <symbol id="sm-3b8">
         <name>__aeabi_cdrcmple</name>
         <value>0x2a7b</value>
         <object_component_ref idref="oc-179"/>
      </symbol>
      <symbol id="sm-3cc">
         <name>__aeabi_ddiv</name>
         <value>0x20bb</value>
         <object_component_ref idref="oc-174"/>
      </symbol>
      <symbol id="sm-3d7">
         <name>__aeabi_dmul</name>
         <value>0x2325</value>
         <object_component_ref idref="oc-16f"/>
      </symbol>
      <symbol id="sm-3e1">
         <name>__aeabi_d2iz</name>
         <value>0x3239</value>
         <object_component_ref idref="oc-17e"/>
      </symbol>
      <symbol id="sm-3f8">
         <name>putc</name>
         <value>0x295d</value>
         <object_component_ref idref="oc-116"/>
      </symbol>
      <symbol id="sm-3f9">
         <name>fputc</name>
         <value>0x295d</value>
         <object_component_ref idref="oc-116"/>
      </symbol>
      <symbol id="sm-3fa">
         <name>putchar</name>
         <value>0x29e1</value>
         <object_component_ref idref="oc-116"/>
      </symbol>
      <symbol id="sm-41c">
         <name>puts</name>
         <value>0x22fd</value>
         <object_component_ref idref="oc-11c"/>
      </symbol>
      <symbol id="sm-41d">
         <name>fputs</name>
         <value>0x21f1</value>
         <object_component_ref idref="oc-11c"/>
      </symbol>
      <symbol id="sm-427">
         <name>__aeabi_i2d</name>
         <value>0x333f</value>
         <object_component_ref idref="oc-189"/>
      </symbol>
      <symbol id="sm-436">
         <name>ltoa</name>
         <value>0x314d</value>
         <object_component_ref idref="oc-183"/>
      </symbol>
      <symbol id="sm-446">
         <name>memccpy</name>
         <value>0x3409</value>
         <object_component_ref idref="oc-1ab"/>
      </symbol>
      <symbol id="sm-456">
         <name>memchr</name>
         <value>0x33e9</value>
         <object_component_ref idref="oc-15d"/>
      </symbol>
      <symbol id="sm-471">
         <name>frexpl</name>
         <value>0x2ed5</value>
         <object_component_ref idref="oc-193"/>
      </symbol>
      <symbol id="sm-472">
         <name>frexp</name>
         <value>0x2ed5</value>
         <object_component_ref idref="oc-193"/>
      </symbol>
      <symbol id="sm-48f">
         <name>scalbn</name>
         <value>0x2421</value>
         <object_component_ref idref="oc-199"/>
      </symbol>
      <symbol id="sm-490">
         <name>scalbnl</name>
         <value>0x2421</value>
         <object_component_ref idref="oc-199"/>
      </symbol>
      <symbol id="sm-491">
         <name>ldexpl</name>
         <value>0x2421</value>
         <object_component_ref idref="oc-199"/>
      </symbol>
      <symbol id="sm-492">
         <name>ldexp</name>
         <value>0x2421</value>
         <object_component_ref idref="oc-199"/>
      </symbol>
      <symbol id="sm-49c">
         <name>_system_post_cinit</name>
         <value>0x2b7b</value>
         <object_component_ref idref="oc-a3"/>
      </symbol>
      <symbol id="sm-4ac">
         <name>strchr</name>
         <value>0x3455</value>
         <object_component_ref idref="oc-19f"/>
      </symbol>
      <symbol id="sm-4ba">
         <name>strlen</name>
         <value>0x34a9</value>
         <object_component_ref idref="oc-157"/>
      </symbol>
      <symbol id="sm-4d6">
         <name>__aeabi_uldivmod</name>
         <value>0x1b4d</value>
         <object_component_ref idref="oc-165"/>
      </symbol>
      <symbol id="sm-4fc">
         <name>_stream</name>
         <value>0x20000568</value>
         <object_component_ref idref="oc-1e0"/>
      </symbol>
      <symbol id="sm-4fd">
         <name>_device</name>
         <value>0x200004f0</value>
         <object_component_ref idref="oc-23c"/>
      </symbol>
      <symbol id="sm-4fe">
         <name>write</name>
         <value>0x33c1</value>
         <object_component_ref idref="oc-14f"/>
      </symbol>
      <symbol id="sm-51c">
         <name>__TI_wrt_ok</name>
         <value>0x277d</value>
         <object_component_ref idref="oc-143"/>
      </symbol>
      <symbol id="sm-51d">
         <name>__TI_rd_ok</name>
         <value>0x27df</value>
         <object_component_ref idref="oc-143"/>
      </symbol>
      <symbol id="sm-525">
         <name>errno</name>
         <value>0x200005e8</value>
         <object_component_ref idref="oc-204"/>
      </symbol>
      <symbol id="sm-53f">
         <name>__TI_doflush</name>
         <value>0x25f9</value>
         <object_component_ref idref="oc-149"/>
      </symbol>
      <symbol id="sm-540">
         <name>fflush</name>
         <value>0x2645</value>
         <object_component_ref idref="oc-149"/>
      </symbol>
      <symbol id="sm-552">
         <name>fseek</name>
         <value>0x2e71</value>
         <object_component_ref idref="oc-1cd"/>
      </symbol>
      <symbol id="sm-563">
         <name>HOSTclose</name>
         <value>0x3281</value>
         <object_component_ref idref="oc-282"/>
      </symbol>
      <symbol id="sm-574">
         <name>HOSTlseek</name>
         <value>0x2da1</value>
         <object_component_ref idref="oc-294"/>
      </symbol>
      <symbol id="sm-586">
         <name>parmbuf</name>
         <value>0x200007bc</value>
      </symbol>
      <symbol id="sm-587">
         <name>HOSTopen</name>
         <value>0x2f39</value>
         <object_component_ref idref="oc-27c"/>
      </symbol>
      <symbol id="sm-598">
         <name>HOSTread</name>
         <value>0x2ff5</value>
         <object_component_ref idref="oc-288"/>
      </symbol>
      <symbol id="sm-5a9">
         <name>HOSTrename</name>
         <value>0x2ccd</value>
         <object_component_ref idref="oc-2a0"/>
      </symbol>
      <symbol id="sm-5ba">
         <name>HOSTunlink</name>
         <value>0x32c5</value>
         <object_component_ref idref="oc-29a"/>
      </symbol>
      <symbol id="sm-5cb">
         <name>HOSTwrite</name>
         <value>0x304d</value>
         <object_component_ref idref="oc-28e"/>
      </symbol>
      <symbol id="sm-5db">
         <name>lseek</name>
         <value>0x3399</value>
         <object_component_ref idref="oc-21b"/>
      </symbol>
      <symbol id="sm-5e5">
         <name>copysign</name>
         <value>0x3481</value>
         <object_component_ref idref="oc-1fe"/>
      </symbol>
      <symbol id="sm-5e6">
         <name>copysignl</name>
         <value>0x3481</value>
         <object_component_ref idref="oc-1fe"/>
      </symbol>
      <symbol id="sm-602">
         <name>setvbuf</name>
         <value>0x251d</value>
         <object_component_ref idref="oc-1d3"/>
      </symbol>
      <symbol id="sm-610">
         <name>strcpy</name>
         <value>0x3495</value>
         <object_component_ref idref="oc-2dc"/>
      </symbol>
      <symbol id="sm-62b">
         <name>__TI_readmsg</name>
         <value>0x2e3b</value>
         <object_component_ref idref="oc-2c8"/>
      </symbol>
      <symbol id="sm-62c">
         <name>C$$IO$$</name>
         <value>0x2e37</value>
         <object_component_ref idref="oc-2c8"/>
      </symbol>
      <symbol id="sm-62d">
         <name>__CIOBUF_</name>
         <value>0x200005fc</value>
         <object_component_ref idref="oc-2fa"/>
      </symbol>
      <symbol id="sm-62e">
         <name>__TI_writemsg</name>
         <value>0x2e09</value>
         <object_component_ref idref="oc-2c8"/>
      </symbol>
      <symbol id="sm-665">
         <name>__TI_cleanup</name>
         <value>0x1e09</value>
         <object_component_ref idref="oc-229"/>
      </symbol>
      <symbol id="sm-666">
         <name>freopen</name>
         <value>0x1e35</value>
         <object_component_ref idref="oc-229"/>
      </symbol>
      <symbol id="sm-667">
         <name>fopen</name>
         <value>0x1e5f</value>
         <object_component_ref idref="oc-229"/>
      </symbol>
      <symbol id="sm-6d6">
         <name>_sys_memory</name>
         <value>0x20000000</value>
         <object_component_ref idref="oc-30"/>
      </symbol>
      <symbol id="sm-6d7">
         <name>free</name>
         <value>0x130f</value>
         <object_component_ref idref="oc-223"/>
      </symbol>
      <symbol id="sm-6d8">
         <name>realloc</name>
         <value>0x13d1</value>
         <object_component_ref idref="oc-223"/>
      </symbol>
      <symbol id="sm-6d9">
         <name>memalign</name>
         <value>0x14d9</value>
         <object_component_ref idref="oc-223"/>
      </symbol>
      <symbol id="sm-6da">
         <name>calloc</name>
         <value>0x15c5</value>
         <object_component_ref idref="oc-223"/>
      </symbol>
      <symbol id="sm-6db">
         <name>malloc</name>
         <value>0x12a5</value>
         <object_component_ref idref="oc-223"/>
      </symbol>
      <symbol id="sm-6dc">
         <name>minit</name>
         <value>0x1225</value>
         <object_component_ref idref="oc-223"/>
      </symbol>
      <symbol id="sm-6f9">
         <name>open</name>
         <value>0x26c1</value>
         <object_component_ref idref="oc-26b"/>
      </symbol>
      <symbol id="sm-70f">
         <name>__TI_closefile</name>
         <value>0x28c5</value>
         <object_component_ref idref="oc-271"/>
      </symbol>
      <symbol id="sm-710">
         <name>fclose</name>
         <value>0x292b</value>
         <object_component_ref idref="oc-271"/>
      </symbol>
      <symbol id="sm-72a">
         <name>finddevice</name>
         <value>0x2bed</value>
         <object_component_ref idref="oc-2ae"/>
      </symbol>
      <symbol id="sm-72b">
         <name>getdevice</name>
         <value>0x2c17</value>
         <object_component_ref idref="oc-2ae"/>
      </symbol>
      <symbol id="sm-73b">
         <name>strcmp</name>
         <value>0x343d</value>
         <object_component_ref idref="oc-2e4"/>
      </symbol>
      <symbol id="sm-74b">
         <name>strncpy</name>
         <value>0x3309</value>
         <object_component_ref idref="oc-2ea"/>
      </symbol>
      <symbol id="sm-75b">
         <name>unlink</name>
         <value>0x336d</value>
         <object_component_ref idref="oc-2bd"/>
      </symbol>
      <symbol id="sm-76f">
         <name>close</name>
         <value>0x2f99</value>
         <object_component_ref idref="oc-2b7"/>
      </symbol>
      <symbol id="sm-770">
         <name>__TI_static_base__</name>
         <value>0x0</value>
      </symbol>
      <symbol id="sm-773">
         <name>SHT$$INIT_ARRAY$$Limit</name>
         <value>0x0</value>
      </symbol>
      <symbol id="sm-774">
         <name>SHT$$INIT_ARRAY$$Base</name>
         <value>0x0</value>
      </symbol>
      <symbol id="sm-775">
         <name>NMI_Handler</name>
         <value>0x34d7</value>
      </symbol>
      <symbol id="sm-776">
         <name>HardFault_Handler</name>
         <value>0x34d7</value>
      </symbol>
      <symbol id="sm-777">
         <name>MemManage_Handler</name>
         <value>0x34d7</value>
      </symbol>
      <symbol id="sm-778">
         <name>BusFault_Handler</name>
         <value>0x34d7</value>
      </symbol>
      <symbol id="sm-779">
         <name>UsageFault_Handler</name>
         <value>0x34d7</value>
      </symbol>
      <symbol id="sm-77a">
         <name>SVC_Handler</name>
         <value>0x34d7</value>
      </symbol>
      <symbol id="sm-77b">
         <name>DebugMon_Handler</name>
         <value>0x34d7</value>
      </symbol>
      <symbol id="sm-77c">
         <name>PendSV_Handler</name>
         <value>0x34d7</value>
      </symbol>
      <symbol id="sm-77d">
         <name>SysTick_Handler</name>
         <value>0x34d7</value>
      </symbol>
      <symbol id="sm-77e">
         <name>PSS_IRQHandler</name>
         <value>0x34d7</value>
      </symbol>
      <symbol id="sm-77f">
         <name>CS_IRQHandler</name>
         <value>0x34d7</value>
      </symbol>
      <symbol id="sm-780">
         <name>PCM_IRQHandler</name>
         <value>0x34d7</value>
      </symbol>
      <symbol id="sm-781">
         <name>WDT_A_IRQHandler</name>
         <value>0x34d7</value>
      </symbol>
      <symbol id="sm-782">
         <name>FPU_IRQHandler</name>
         <value>0x34d7</value>
      </symbol>
      <symbol id="sm-783">
         <name>FLCTL_IRQHandler</name>
         <value>0x34d7</value>
      </symbol>
      <symbol id="sm-784">
         <name>COMP_E0_IRQHandler</name>
         <value>0x34d7</value>
      </symbol>
      <symbol id="sm-785">
         <name>COMP_E1_IRQHandler</name>
         <value>0x34d7</value>
      </symbol>
      <symbol id="sm-786">
         <name>TA0_0_IRQHandler</name>
         <value>0x34d7</value>
      </symbol>
      <symbol id="sm-787">
         <name>TA0_N_IRQHandler</name>
         <value>0x34d7</value>
      </symbol>
      <symbol id="sm-788">
         <name>TA1_0_IRQHandler</name>
         <value>0x34d7</value>
      </symbol>
      <symbol id="sm-789">
         <name>TA1_N_IRQHandler</name>
         <value>0x34d7</value>
      </symbol>
      <symbol id="sm-78a">
         <name>TA2_0_IRQHandler</name>
         <value>0x34d7</value>
      </symbol>
      <symbol id="sm-78b">
         <name>TA2_N_IRQHandler</name>
         <value>0x34d7</value>
      </symbol>
      <symbol id="sm-78c">
         <name>TA3_0_IRQHandler</name>
         <value>0x34d7</value>
      </symbol>
      <symbol id="sm-78d">
         <name>TA3_N_IRQHandler</name>
         <value>0x34d7</value>
      </symbol>
      <symbol id="sm-78e">
         <name>EUSCIA0_IRQHandler</name>
         <value>0x34d7</value>
      </symbol>
      <symbol id="sm-78f">
         <name>EUSCIA1_IRQHandler</name>
         <value>0x34d7</value>
      </symbol>
      <symbol id="sm-790">
         <name>EUSCIA2_IRQHandler</name>
         <value>0x34d7</value>
      </symbol>
      <symbol id="sm-791">
         <name>EUSCIA3_IRQHandler</name>
         <value>0x34d7</value>
      </symbol>
      <symbol id="sm-792">
         <name>EUSCIB0_IRQHandler</name>
         <value>0x34d7</value>
      </symbol>
      <symbol id="sm-793">
         <name>EUSCIB1_IRQHandler</name>
         <value>0x34d7</value>
      </symbol>
      <symbol id="sm-794">
         <name>EUSCIB2_IRQHandler</name>
         <value>0x34d7</value>
      </symbol>
      <symbol id="sm-795">
         <name>EUSCIB3_IRQHandler</name>
         <value>0x34d7</value>
      </symbol>
      <symbol id="sm-796">
         <name>ADC14_IRQHandler</name>
         <value>0x34d7</value>
      </symbol>
      <symbol id="sm-797">
         <name>T32_INT1_IRQHandler</name>
         <value>0x34d7</value>
      </symbol>
      <symbol id="sm-798">
         <name>T32_INT2_IRQHandler</name>
         <value>0x34d7</value>
      </symbol>
      <symbol id="sm-799">
         <name>T32_INTC_IRQHandler</name>
         <value>0x34d7</value>
      </symbol>
      <symbol id="sm-79a">
         <name>AES256_IRQHandler</name>
         <value>0x34d7</value>
      </symbol>
      <symbol id="sm-79b">
         <name>RTC_C_IRQHandler</name>
         <value>0x34d7</value>
      </symbol>
      <symbol id="sm-79c">
         <name>DMA_ERR_IRQHandler</name>
         <value>0x34d7</value>
      </symbol>
      <symbol id="sm-79d">
         <name>DMA_INT3_IRQHandler</name>
         <value>0x34d7</value>
      </symbol>
      <symbol id="sm-79e">
         <name>DMA_INT2_IRQHandler</name>
         <value>0x34d7</value>
      </symbol>
      <symbol id="sm-79f">
         <name>DMA_INT1_IRQHandler</name>
         <value>0x34d7</value>
      </symbol>
      <symbol id="sm-7a0">
         <name>DMA_INT0_IRQHandler</name>
         <value>0x34d7</value>
      </symbol>
      <symbol id="sm-7a1">
         <name>PORT1_IRQHandler</name>
         <value>0x34d7</value>
      </symbol>
      <symbol id="sm-7a2">
         <name>PORT2_IRQHandler</name>
         <value>0x34d7</value>
      </symbol>
      <symbol id="sm-7a3">
         <name>PORT3_IRQHandler</name>
         <value>0x34d7</value>
      </symbol>
      <symbol id="sm-7a4">
         <name>PORT4_IRQHandler</name>
         <value>0x34d7</value>
      </symbol>
      <symbol id="sm-7a5">
         <name>PORT5_IRQHandler</name>
         <value>0x34d7</value>
      </symbol>
      <symbol id="sm-7a6">
         <name>PORT6_IRQHandler</name>
         <value>0x34d7</value>
      </symbol>
      <symbol id="sm-7a7">
         <name>remove</name>
         <value>0x336d</value>
      </symbol>
   </symbol_table>
   <title>Link successful</title>
</link_info>
